
[WATCHDOG] Auto restart at 2026-06-06 03:04:38.461588

[HOST] Auto install checking...
[AUTO-INSTALL] pip install requests
Collecting requests
  Downloading requests-2.34.2-py3-none-any.whl.metadata (4.8 kB)
Collecting charset_normalizer<4,>=2 (from requests)
  Downloading charset_normalizer-3.4.7-cp314-cp314-manylinux2014_x86_64.manylinux_2_17_x86_64.manylinux_2_28_x86_64.whl.metadata (40 kB)
Collecting idna<4,>=2.5 (from requests)
  Downloading idna-3.18-py3-none-any.whl.metadata (6.1 kB)
Collecting urllib3<3,>=1.26 (from requests)
  Downloading urllib3-2.7.0-py3-none-any.whl.metadata (6.9 kB)
Collecting certifi>=2023.5.7 (from requests)
  Downloading certifi-2026.5.20-py3-none-any.whl.metadata (2.5 kB)
Downloading requests-2.34.2-py3-none-any.whl (73 kB)
Downloading charset_normalizer-3.4.7-cp314-cp314-manylinux2014_x86_64.manylinux_2_17_x86_64.manylinux_2_28_x86_64.whl (215 kB)
Downloading idna-3.18-py3-none-any.whl (65 kB)
Downloading urllib3-2.7.0-py3-none-any.whl (131 kB)
Downloading certifi-2026.5.20-py3-none-any.whl (134 kB)
Installing collected packages: urllib3, idna, charset_normalizer, certifi, requests

Successfully installed certifi-2026.5.20 charset_normalizer-3.4.7 idna-3.18 requests-2.34.2 urllib3-2.7.0

[notice] A new release of pip is available: 25.3 -> 26.1.2
[notice] To update, run: pip install --upgrade pip
[AUTO-INSTALL] pip install pyTelegramBotAPI
Collecting pyTelegramBotAPI
  Downloading pytelegrambotapi-4.34.0-py3-none-any.whl.metadata (48 kB)
Collecting aiohttp (from pyTelegramBotAPI)
  Downloading aiohttp-3.14.0-cp314-cp314-manylinux2014_x86_64.manylinux_2_17_x86_64.manylinux_2_28_x86_64.whl.metadata (8.3 kB)
Requirement already satisfied: requests in ./.venv/lib/python3.14/site-packages (from pyTelegramBotAPI) (2.34.2)
Collecting aiohappyeyeballs>=2.5.0 (from aiohttp->pyTelegramBotAPI)
  Downloading aiohappyeyeballs-2.6.2-py3-none-any.whl.metadata (5.9 kB)
Collecting aiosignal>=1.4.0 (from aiohttp->pyTelegramBotAPI)
  Downloading aiosignal-1.4.0-py3-none-any.whl.metadata (3.7 kB)
Collecting attrs>=17.3.0 (from aiohttp->pyTelegramBotAPI)
  Downloading attrs-26.1.0-py3-none-any.whl.metadata (8.8 kB)
Collecting frozenlist>=1.1.1 (from aiohttp->pyTelegramBotAPI)
  Downloading frozenlist-1.8.0-cp314-cp314-manylinux1_x86_64.manylinux_2_28_x86_64.manylinux_2_5_x86_64.whl.metadata (20 kB)
Collecting multidict<7.0,>=4.5 (from aiohttp->pyTelegramBotAPI)
  Downloading multidict-6.7.1-cp314-cp314-manylinux2014_x86_64.manylinux_2_17_x86_64.manylinux_2_28_x86_64.whl.metadata (5.3 kB)
Collecting propcache>=0.2.0 (from aiohttp->pyTelegramBotAPI)
  Downloading propcache-0.5.2-cp314-cp314-manylinux2014_x86_64.manylinux_2_17_x86_64.manylinux_2_28_x86_64.whl.metadata (16 kB)
